[    0.000000] Linux version 5.4.225 (root@graypig) (gcc version 9.4.0 (Ubuntu 9.4.0-1ubuntu1~20.04.1)) #9 SMP Sun May 7 21:08:00 UTC 2023
[    0.000000] Command line: root=/dev/sda console=ttyS0 earlyprintk=serial nmi_watchdog=0
[    0.000000] x86/fpu: Supporting XSAVE feature 0x001: 'x87 floating point registers'
[    0.000000] x86/fpu: Supporting XSAVE feature 0x002: 'SSE registers'
[    0.000000] x86/fpu: Supporting XSAVE feature 0x004: 'AVX registers'
[    0.000000] x86/fpu: Supporting XSAVE feature 0x020: 'AVX-512 opmask'
[    0.000000] x86/fpu: Supporting XSAVE feature 0x040: 'AVX-512 Hi256'
[    0.000000] x86/fpu: Supporting XSAVE feature 0x080: 'AVX-512 ZMM_Hi256'
[    0.000000] x86/fpu: Supporting XSAVE feature 0x200: 'Protection Keys User registers'
[    0.000000] x86/fpu: xstate_offset[2]:  576, xstate_sizes[2]:  256
[    0.000000] x86/fpu: xstate_offset[5]:  832, xstate_sizes[5]:   64
[    0.000000] x86/fpu: xstate_offset[6]:  896, xstate_sizes[6]:  512
[    0.000000] x86/fpu: xstate_offset[7]: 1408, xstate_sizes[7]: 1024
[    0.000000] x86/fpu: xstate_offset[9]: 2432, xstate_sizes[9]:    8
[    0.000000] x86/fpu: Enabled xstate features 0x2e7, context size is 2440 bytes, using 'compacted' format.
[    0.000000] BIOS-provided physical RAM map:
[    0.000000] BIOS-e820: [mem 0x0000000000000000-0x000000000009fbff] usable
[    0.000000] BIOS-e820: [mem 0x000000000009fc00-0x000000000009ffff] reserved
[    0.000000] BIOS-e820: [mem 0x00000000000f0000-0x00000000000fffff] reserved
[    0.000000] BIOS-e820: [mem 0x0000000000100000-0x00000000bffddfff] usable
[    0.000000] BIOS-e820: [mem 0x00000000bffde000-0x00000000bfffffff] reserved
[    0.000000] BIOS-e820: [mem 0x00000000feffc000-0x00000000feffffff] reserved
[    0.000000] BIOS-e820: [mem 0x00000000fffc0000-0x00000000ffffffff] reserved
[    0.000000] BIOS-e820: [mem 0x0000000100000000-0x0000003c3fffffff] usable
[    0.000000] printk: bootconsole [earlyser0] enabled
[    0.000000] NX (Execute Disable) protection: active
[    0.000000] SMBIOS 2.8 present.
[    0.000000] DMI: QEMU Standard PC (i440FX + PIIX, 1996), BIOS 1.13.0-1ubuntu1.1 04/01/2014
[    0.000000] Hypervisor detected: KVM
[    0.000000] kvm-clock: Using msrs 4b564d01 and 4b564d00
[    0.000000] kvm-clock: cpu 0, msr 31b7dba001, primary cpu clock
[    0.000000] kvm-clock: using sched offset of 310777592 cycles
[    0.000644] clocksource: kvm-clock: mask: 0xffffffffffffffff max_cycles: 0x1cd42e4dffb, max_idle_ns: 881590591483 ns
[    0.002419] tsc: Detected 2993.238 MHz processor
[    0.004467] e820: update [mem 0x00000000-0x00000fff] usable ==> reserved
[    0.004470] e820: remove [mem 0x000a0000-0x000fffff] usable
[    0.004474] last_pfn = 0x3c40000 max_arch_pfn = 0x400000000
[    0.005142] MTRR default type: write-back
[    0.005144] MTRR fixed ranges enabled:
[    0.005145]   00000-9FFFF write-back
[    0.005146]   A0000-BFFFF uncachable
[    0.005148]   C0000-FFFFF write-protect
[    0.005149] MTRR variable ranges enabled:
[    0.005151]   0 base 00C0000000 mask FFC0000000 uncachable
[    0.005152]   1 disabled
[    0.005153]   2 disabled
[    0.005154]   3 disabled
[    0.005155]   4 disabled
[    0.005156]   5 disabled
[    0.005157]   6 disabled
[    0.005157]   7 disabled
[    0.005172] x86/PAT: Configuration [0-7]: WB  WC  UC- UC  WB  WP  UC- WT  
[    0.006271] last_pfn = 0xbffde max_arch_pfn = 0x400000000
[    0.011574] found SMP MP-table at [mem 0x000f5c90-0x000f5c9f]
[    0.012256] check: Scanning 1 areas for low memory corruption
[    0.012904] Using GB pages for direct mapping
[    0.013604] ACPI: Early table checksum verification disabled
[    0.014224] ACPI: RSDP 0x00000000000F5C50 000014 (v00 BOCHS )
[    0.014860] ACPI: RSDT 0x00000000BFFE0CB4 00003C (v01 BOCHS  BXPCRSDT 00000001 BXPC 00000001)
[    0.015818] ACPI: FACP 0x00000000BFFE045B 000074 (v01 BOCHS  BXPCFACP 00000001 BXPC 00000001)
[    0.016770] ACPI: DSDT 0x00000000BFFDE040 00241B (v01 BOCHS  BXPCDSDT 00000001 BXPC 00000001)
[    0.017722] ACPI: FACS 0x00000000BFFDE000 000040
[    0.018239] ACPI: APIC 0x00000000BFFE04CF 0000B0 (v01 BOCHS  BXPCAPIC 00000001 BXPC 00000001)
[    0.019193] ACPI: HPET 0x00000000BFFE057F 000038 (v01 BOCHS  BXPCHPET 00000001 BXPC 00000001)
[    0.020147] ACPI: SRAT 0x00000000BFFE05B7 000150 (v01 BOCHS  BXPCSRAT 00000001 BXPC 00000001)
[    0.021098] ACPI: SSDT 0x00000000BFFE0707 0004CD (v01 BOCHS  NVDIMM   00000001 BXPC 00000001)
[    0.022047] ACPI: NFIT 0x00000000BFFE0BD4 0000E0 (v01 BOCHS  BXPCNFIT 00000001 BXPC 00000001)
[    0.023007] ACPI: Reserving FACP table memory at [mem 0xbffe045b-0xbffe04ce]
[    0.023797] ACPI: Reserving DSDT table memory at [mem 0xbffde040-0xbffe045a]
[    0.024586] ACPI: Reserving FACS table memory at [mem 0xbffde000-0xbffde03f]
[    0.025372] ACPI: Reserving APIC table memory at [mem 0xbffe04cf-0xbffe057e]
[    0.026147] ACPI: Reserving HPET table memory at [mem 0xbffe057f-0xbffe05b6]
[    0.026922] ACPI: Reserving SRAT table memory at [mem 0xbffe05b7-0xbffe0706]
[    0.027698] ACPI: Reserving SSDT table memory at [mem 0xbffe0707-0xbffe0bd3]
[    0.028475] ACPI: Reserving NFIT table memory at [mem 0xbffe0bd4-0xbffe0cb3]
[    0.029263] ACPI: Local APIC address 0xfee00000
[    0.029301] SRAT: PXM 0 -> APIC 0x00 -> Node 0
[    0.029802] SRAT: PXM 0 -> APIC 0x01 -> Node 0
[    0.030300] SRAT: PXM 0 -> APIC 0x02 -> Node 0
[    0.030801] SRAT: PXM 0 -> APIC 0x03 -> Node 0
[    0.031296] SRAT: PXM 0 -> APIC 0x04 -> Node 0
[    0.031789] SRAT: PXM 0 -> APIC 0x05 -> Node 0
[    0.032284] SRAT: PXM 0 -> APIC 0x06 -> Node 0
[    0.032780] SRAT: PXM 0 -> APIC 0x07 -> Node 0
[    0.033277] ACPI: SRAT: Node 0 PXM 0 [mem 0x00000000-0x0009ffff]
[    0.033949] ACPI: SRAT: Node 0 PXM 0 [mem 0x00100000-0xbfffffff]
[    0.034623] ACPI: SRAT: Node 0 PXM 0 [mem 0x100000000-0x3c3fffffff]
[    0.035324] ACPI: SRAT: Node 0 PXM 0 [mem 0x3c40000000-0xcd3fffffff] hotplug
[    0.036111] NUMA: Node 0 [mem 0x00000000-0x0009ffff] + [mem 0x00100000-0xbfffffff] -> [mem 0x00000000-0xbfffffff]
[    0.037253] NUMA: Node 0 [mem 0x00000000-0xbfffffff] + [mem 0x100000000-0x3c3fffffff] -> [mem 0x00000000-0x3c3fffffff]
[    0.038450] NODE_DATA(0) allocated [mem 0x3c3fffb000-0x3c3fffffff]
[    0.040302] Zone ranges:
[    0.040594]   DMA      [mem 0x0000000000001000-0x0000000000ffffff]
[    0.041286]   DMA32    [mem 0x0000000001000000-0x00000000ffffffff]
[    0.041973]   Normal   [mem 0x0000000100000000-0x0000003c3fffffff]
[    0.042667]   Device   empty
[    0.042999] Movable zone start for each node
[    0.043478] Early memory node ranges
[    0.043879]   node   0: [mem 0x0000000000001000-0x000000000009efff]
[    0.044581]   node   0: [mem 0x0000000000100000-0x00000000bffddfff]
[    0.045280]   node   0: [mem 0x0000000100000000-0x0000003c3fffffff]
[    0.046806] Zeroed struct page in unavailable ranges: 132 pages
[    0.046808] Initmem setup node 0 [mem 0x0000000000001000-0x0000003c3fffffff]
[    0.048248] On node 0 totalpages: 62914428
[    0.048250]   DMA zone: 64 pages used for memmap
[    0.048251]   DMA zone: 21 pages reserved
[    0.048253]   DMA zone: 3998 pages, LIFO batch:0
[    0.048291]   DMA32 zone: 12224 pages used for memmap
[    0.048292]   DMA32 zone: 782302 pages, LIFO batch:63
[    0.063983]   Normal zone: 970752 pages used for memmap
[    0.063986]   Normal zone: 62128128 pages, LIFO batch:63
[    1.308922] ACPI: PM-Timer IO Port: 0x608
[    1.309455] ACPI: Local APIC address 0xfee00000
[    1.309463] ACPI: LAPIC_NMI (acpi_id[0xff] dfl dfl lint[0x1])
[    1.310261] IOAPIC[0]: apic_id 0, version 17, address 0xfec00000, GSI 0-23
[    1.311165] ACPI: INT_SRC_OVR (bus 0 bus_irq 0 global_irq 2 dfl dfl)
[    1.311986] ACPI: INT_SRC_OVR (bus 0 bus_irq 5 global_irq 5 high level)
[    1.312856] ACPI: INT_SRC_OVR (bus 0 bus_irq 9 global_irq 9 high level)
[    1.313740] ACPI: INT_SRC_OVR (bus 0 bus_irq 10 global_irq 10 high level)
[    1.314649] ACPI: INT_SRC_OVR (bus 0 bus_irq 11 global_irq 11 high level)
[    1.315551] ACPI: IRQ0 used by override.
[    1.315553] ACPI: IRQ5 used by override.
[    1.315554] ACPI: IRQ9 used by override.
[    1.315555] ACPI: IRQ10 used by override.
[    1.315556] ACPI: IRQ11 used by override.
[    1.315559] Using ACPI (MADT) for SMP configuration information
[    1.316348] ACPI: HPET id: 0x8086a201 base: 0xfed00000
[    1.317036] TSC deadline timer available
[    1.317560] smpboot: Allowing 8 CPUs, 0 hotplug CPUs
[    1.318262] KVM setup pv sched yield
[    1.318773] PM: Registered nosave memory: [mem 0x00000000-0x00000fff]
[    1.319628] PM: Registered nosave memory: [mem 0x0009f000-0x0009ffff]
[    1.320482] PM: Registered nosave memory: [mem 0x000a0000-0x000effff]
[    1.321339] PM: Registered nosave memory: [mem 0x000f0000-0x000fffff]
[    1.322196] PM: Registered nosave memory: [mem 0xbffde000-0xbfffffff]
[    1.323057] PM: Registered nosave memory: [mem 0xc0000000-0xfeffbfff]
[    1.323913] PM: Registered nosave memory: [mem 0xfeffc000-0xfeffffff]
[    1.324769] PM: Registered nosave memory: [mem 0xff000000-0xfffbffff]
[    1.325624] PM: Registered nosave memory: [mem 0xfffc0000-0xffffffff]
[    1.326485] [mem 0xc0000000-0xfeffbfff] available for PCI devices
[    1.327301] Booting paravirtualized kernel on KVM
[    1.327929] clocksource: refined-jiffies: mask: 0xffffffff max_cycles: 0xffffffff, max_idle_ns: 1910969940391419 ns
[    1.418296] setup_percpu: NR_CPUS:64 nr_cpumask_bits:64 nr_cpu_ids:8 nr_node_ids:1
[    1.428056] percpu: Embedded 505 pages/cpu s2029848 r8192 d30440 u2097152
[    1.428998] pcpu-alloc: s2029848 r8192 d30440 u2097152 alloc=1*2097152
[    1.429000] pcpu-alloc: [0] 0 [0] 1 [0] 2 [0] 3 [0] 4 [0] 5 [0] 6 [0] 7 
[    1.429031] KVM setup async PF for cpu 0
[    1.429568] kvm-stealtime: cpu 0, msr 3b4ec1b440
[    1.430200] Built 1 zonelists, mobility grouping on.  Total pages: 61931367
[    1.431145] Policy zone: Normal
[    1.431571] Kernel command line: root=/dev/sda console=ttyS0 earlyprintk=serial nmi_watchdog=0
[    1.484179] Dentry cache hash table entries: 16777216 (order: 15, 134217728 bytes, linear)
[    1.510452] Inode-cache hash table entries: 8388608 (order: 14, 67108864 bytes, linear)
[    1.511654] mem auto-init: stack:off, heap alloc:off, heap free:off
[    1.537868] Calgary: detecting Calgary via BIOS EBDA area
[    1.537890] Calgary: Unable to locate Rio Grande table in EBDA - bailing!
[    2.042162] Memory: 247407632K/251657712K available (14340K kernel code, 1807K rwdata, 4512K rodata, 3172K init, 6548K bss, 4250080K reserved, 0K cma-reserved)
[    2.044255] SLUB: HWalign=64, Order=0-3, MinObjects=0, CPUs=8, Nodes=1
[    2.045550] rcu: Hierarchical RCU implementation.
[    2.046075] rcu: 	RCU event tracing is enabled.
[    2.046580] rcu: 	RCU restricting CPUs from NR_CPUS=64 to nr_cpu_ids=8.
[    2.047307] rcu: RCU calculated value of scheduler-enlistment delay is 100 jiffies.
[    2.048153] rcu: Adjusting geometry for rcu_fanout_leaf=16, nr_cpu_ids=8
[    2.049321] NR_IRQS: 4352, nr_irqs: 488, preallocated irqs: 16
[    2.050177] random: crng init done
[    2.055314] Console: colour VGA+ 80x25
[    2.055756] printk: console [ttyS0] enabled
[    2.056685] printk: bootconsole [earlyser0] disabled
[    2.057787] Lock dependency validator: Copyright (c) 2006 Red Hat, Inc., Ingo Molnar
[    2.058650] ... MAX_LOCKDEP_SUBCLASSES:  8
[    2.059113] ... MAX_LOCK_DEPTH:          48
[    2.059586] ... MAX_LOCKDEP_KEYS:        8192
[    2.060079] ... CLASSHASH_SIZE:          4096
[    2.060573] ... MAX_LOCKDEP_ENTRIES:     32768
[    2.061076] ... MAX_LOCKDEP_CHAINS:      65536
[    2.061578] ... CHAINHASH_SIZE:          32768
[    2.062081]  memory used by lock dependency info: 4021 kB
[    2.062694]  per task-struct memory footprint: 2688 bytes
[    2.063315] ACPI: Core revision 20190816
[    2.063889] clocksource: hpet: mask: 0xffffffff max_cycles: 0xffffffff, max_idle_ns: 19112604467 ns
[    2.065008] APIC: Switch to symmetric I/O mode setup
[    2.065636] KVM setup pv IPIs
[    2.067203] ..TIMER: vector=0x30 apic1=0 pin1=2 apic2=-1 pin2=-1
[    2.067908] clocksource: tsc-early: mask: 0xffffffffffffffff max_cycles: 0x2b25518e347, max_idle_ns: 440795248297 ns
[    2.069218] Calibrating delay loop (skipped) preset value.. 5986.47 BogoMIPS (lpj=2993238)
[    2.070216] pid_max: default: 32768 minimum: 301
[    2.070776] LSM: Security Framework initializing
[    2.071850] Mount-cache hash table entries: 262144 (order: 9, 2097152 bytes, linear)
[    2.073357] Mountpoint-cache hash table entries: 262144 (order: 9, 2097152 bytes, linear)
[    2.075505] x86/cpu: User Mode Instruction Prevention (UMIP) activated
[    2.076321] Last level iTLB entries: 4KB 0, 2MB 0, 4MB 0
[    2.076860] Last level dTLB entries: 4KB 0, 2MB 0, 4MB 0, 1GB 0
[    2.077222] Spectre V1 : Mitigation: usercopy/swapgs barriers and __user pointer sanitization
[    2.078218] Spectre V2 : Mitigation: Enhanced IBRS
[    2.078679] Spectre V2 : Spectre v2 / SpectreRSB mitigation: Filling RSB on context switch
[    2.079216] Spectre V2 : Spectre v2 / PBRSB-eIBRS: Retire a single CALL on VMEXIT
[    2.080217] Spectre V2 : mitigation: Enabling conditional Indirect Branch Prediction Barrier
[    2.081216] Speculative Store Bypass: Mitigation: Speculative Store Bypass disabled via prctl and seccomp
[    2.082111] MMIO Stale Data: Vulnerable: Clear CPU buffers attempted, no microcode
[    2.082469] Freeing SMP alternatives memory: 40K
[    2.083353] smpboot: CPU0: Intel(R) Xeon(R) Gold 5317 CPU @ 3.00GHz (family: 0x6, model: 0x6a, stepping: 0x6)
[    2.084309] Performance Events: Icelake events, Intel PMU driver.
[    2.084919] ... version:                2
[    2.085218] ... bit width:              48
[    2.085610] ... generic registers:      8
[    2.085994] ... value mask:             0000ffffffffffff
[    2.086218] ... max period:             000000007fffffff
[    2.086728] ... fixed-purpose events:   4
[    2.087110] ... event mask:             0000000f000000ff
[    2.087275] rcu: Hierarchical SRCU implementation.
[    2.087907] smp: Bringing up secondary CPUs ...
[    2.088372] x86: Booting SMP configuration:
[    2.088770] .... node  #0, CPUs:      #1
[    0.018055] kvm-clock: cpu 1, msr 31b7dba041, secondary cpu clock
[    2.091386] KVM setup async PF for cpu 1
[    2.092214] kvm-stealtime: cpu 1, msr 3b4ee1b440
[    2.096243]  #2
[    0.018055] kvm-clock: cpu 2, msr 31b7dba081, secondary cpu clock
[    2.098029] KVM setup async PF for cpu 2
[    2.098214] kvm-stealtime: cpu 2, msr 3b4f01b440
[    2.103365]  #3
[    0.018055] kvm-clock: cpu 3, msr 31b7dba0c1, secondary cpu clock
[    2.105217] KVM setup async PF for cpu 3
[    2.105217] kvm-stealtime: cpu 3, msr 3b4f21b440
[    2.110222]  #4
[    0.018055] kvm-clock: cpu 4, msr 31b7dba101, secondary cpu clock
[    2.112081] KVM setup async PF for cpu 4
[    2.112214] kvm-stealtime: cpu 4, msr 3b4f41b440
[    2.116732]  #5
[    0.018055] kvm-clock: cpu 5, msr 31b7dba141, secondary cpu clock
[    2.119071] KVM setup async PF for cpu 5
[    2.119214] kvm-stealtime: cpu 5, msr 3b4f61b440
[    2.123704]  #6
[    0.018055] kvm-clock: cpu 6, msr 31b7dba181, secondary cpu clock
[    2.125845] KVM setup async PF for cpu 6
[    2.126214] kvm-stealtime: cpu 6, msr 3b4f81b440
[    2.130479]  #7
[    0.018055] kvm-clock: cpu 7, msr 31b7dba1c1, secondary cpu clock
[    2.132589] KVM setup async PF for cpu 7
[    2.133214] kvm-stealtime: cpu 7, msr 3b4fa1b440
[    2.137480] smp: Brought up 1 node, 8 CPUs
[    2.138231] smpboot: Max logical packages: 1
[    2.139229] smpboot: Total of 8 processors activated (47891.80 BogoMIPS)
[    2.148405] devtmpfs: initialized
[    2.149472] x86/mm: Memory block size: 1024MB
[    2.171588] clocksource: jiffies: mask: 0xffffffff max_cycles: 0xffffffff, max_idle_ns: 1911260446275000 ns
[    2.172227] futex hash table entries: 2048 (order: 6, 262144 bytes, linear)
[    2.173320] PM: RTC time: 08:10:00, date: 2023-05-14
[    2.174444] NET: Registered protocol family 16
[    2.175198] audit: initializing netlink subsys (disabled)
[    2.175393] audit: type=2000 audit(1684051800.952:1): state=initialized audit_enabled=0 res=1
[    2.178163] cpuidle: using governor menu
[    2.179618] KVM setup pv remote TLB flush
[    2.180241] ACPI: bus type PCI registered
[    2.182615] PCI: Using configuration type 1 for base access
[    2.210980] HugeTLB registered 1.00 GiB page size, pre-allocated 0 pages
[    2.213255] HugeTLB registered 2.00 MiB page size, pre-allocated 0 pages
[    2.216234] cryptomgr_test (57) used greatest stack depth: 15352 bytes left
[    2.218469] cryptomgr_test (60) used greatest stack depth: 15104 bytes left
[    2.221509] ACPI: Added _OSI(Module Device)
[    2.223236] ACPI: Added _OSI(Processor Device)
[    2.224230] ACPI: Added _OSI(3.0 _SCP Extensions)
[    2.226231] ACPI: Added _OSI(Processor Aggregator Device)
[    2.227233] ACPI: Added _OSI(Linux-Dell-Video)
[    2.229226] ACPI: Added _OSI(Linux-Lenovo-NV-HDMI-Audio)
[    2.230237] ACPI: Added _OSI(Linux-HPI-Hybrid-Graphics)
[    2.237011] ACPI: 2 ACPI AML tables successfully acquired and loaded
[    2.242770] ACPI: Interpreter enabled
[    2.244270] ACPI: (supports S0 S3 S4 S5)
[    2.245044] ACPI: Using IOAPIC for interrupt routing
[    2.245253] PCI: Using host bridge windows from ACPI; if necessary, use "pci=nocrs" and report a bug
[    2.247961] ACPI: Enabled 4 GPEs in block 00 to 0F
[    2.262144] ACPI: PCI Root Bridge [PCI0] (domain 0000 [bus 00-ff])
[    2.262223] acpi PNP0A03:00: _OSC: OS supports [ASPM ClockPM Segments MSI HPX-Type3]
[    2.263180] acpi PNP0A03:00: fail to add MMCONFIG information, can't access extended PCI configuration space under this bridge.
[    2.265280] PCI host bridge to bus 0000:00
[    2.265784] pci_bus 0000:00: root bus resource [io  0x0000-0x0cf7 window]
[    2.266219] pci_bus 0000:00: root bus resource [io  0x0d00-0xffff window]
[    2.267044] pci_bus 0000:00: root bus resource [mem 0x000a0000-0x000bffff window]
[    2.268219] pci_bus 0000:00: root bus resource [mem 0xc0000000-0xfebfffff window]
[    2.269130] pci_bus 0000:00: root bus resource [mem 0xcd40000000-0xcdbfffffff window]
[    2.269219] pci_bus 0000:00: root bus resource [bus 00-ff]
[    2.269927] pci 0000:00:00.0: [8086:1237] type 00 class 0x060000
[    2.271769] pci 0000:00:01.0: [8086:7000] type 00 class 0x060100
[    2.272873] pci 0000:00:01.1: [8086:7010] type 00 class 0x010180
[    2.275222] pci 0000:00:01.1: reg 0x20: [io  0xc080-0xc08f]
[    2.276634] pci 0000:00:01.1: legacy IDE quirk: reg 0x10: [io  0x01f0-0x01f7]
[    2.278220] pci 0000:00:01.1: legacy IDE quirk: reg 0x14: [io  0x03f6]
[    2.279014] pci 0000:00:01.1: legacy IDE quirk: reg 0x18: [io  0x0170-0x0177]
[    2.279219] pci 0000:00:01.1: legacy IDE quirk: reg 0x1c: [io  0x0376]
[    2.281500] pci 0000:00:01.3: [8086:7113] type 00 class 0x068000
[    2.282638] pci 0000:00:01.3: quirk: [io  0x0600-0x063f] claimed by PIIX4 ACPI
[    2.283226] pci 0000:00:01.3: quirk: [io  0x0700-0x070f] claimed by PIIX4 SMB
[    2.284441] pci 0000:00:02.0: [1234:1111] type 00 class 0x030000
[    2.286645] pci 0000:00:02.0: reg 0x10: [mem 0xfd000000-0xfdffffff pref]
[    2.288556] pci 0000:00:02.0: reg 0x18: [mem 0xfebb0000-0xfebb0fff]
[    2.292224] pci 0000:00:02.0: reg 0x30: [mem 0xfeba0000-0xfebaffff pref]
[    2.293393] pci 0000:00:03.0: [8086:100e] type 00 class 0x020000
[    2.294632] pci 0000:00:03.0: reg 0x10: [mem 0xfeb80000-0xfeb9ffff]
[    2.295997] pci 0000:00:03.0: reg 0x14: [io  0xc000-0xc03f]
[    2.300611] pci 0000:00:03.0: reg 0x30: [mem 0xfeb00000-0xfeb7ffff pref]
[    2.302597] pci 0000:00:04.0: [1af4:1009] type 00 class 0x000200
[    2.304030] pci 0000:00:04.0: reg 0x10: [io  0xc040-0xc07f]
[    2.305942] pci 0000:00:04.0: reg 0x14: [mem 0xfebb1000-0xfebb1fff]
[    2.308173] pci 0000:00:04.0: reg 0x20: [mem 0xfe000000-0xfe003fff 64bit pref]
[    2.311461] ACPI: PCI Interrupt Link [LNKA] (IRQs 5 *10 11)
[    2.313368] ACPI: PCI Interrupt Link [LNKB] (IRQs 5 *10 11)
[    2.314169] ACPI: PCI Interrupt Link [LNKC] (IRQs 5 10 *11)
[    2.314322] ACPI: PCI Interrupt Link [LNKD] (IRQs 5 10 *11)
[    2.315052] ACPI: PCI Interrupt Link [LNKS] (IRQs *9)
[    2.317882] iommu: Default domain type: Translated 
[    2.318535] pci 0000:00:02.0: vgaarb: setting as boot VGA device
[    2.319004] pci 0000:00:02.0: vgaarb: VGA device added: decodes=io+mem,owns=io+mem,locks=none
[    2.320224] pci 0000:00:02.0: vgaarb: bridge control possible
[    2.320922] vgaarb: loaded
[    2.321459] SCSI subsystem initialized
[    2.322295] libata version 3.00 loaded.
[    2.322295] ACPI: bus type USB registered
[    2.322844] usbcore: registered new interface driver usbfs
[    2.322982] usbcore: registered new interface driver hub
[    2.324238] usbcore: registered new device driver usb
[    2.324898] pps_core: LinuxPPS API ver. 1 registered
[    2.325219] pps_core: Software ver. 5.3.6 - Copyright 2005-2007 Rodolfo Giometti <giometti@linux.it>
[    2.326223] PTP clock support registered
[    2.327432] EDAC MC: Ver: 3.0.0
[    2.328333] Advanced Linux Sound Architecture Driver Initialized.
[    2.329922] PCI: Using ACPI for IRQ routing
[    2.330223] PCI: pci_cache_line_size set to 64 bytes
[    2.330334] e820: reserve RAM buffer [mem 0x0009fc00-0x0009ffff]
[    2.330337] e820: reserve RAM buffer [mem 0xbffde000-0xbfffffff]
[    2.330575] NetLabel: Initializing
[    2.331000] NetLabel:  domain hash size = 128
[    2.331220] NetLabel:  protocols = UNLABELED CIPSOv4 CALIPSO
[    2.331940] NetLabel:  unlabeled traffic allowed by default
[    2.333327] hpet0: at MMIO 0xfed00000, IRQs 2, 8, 0
[    2.333939] hpet0: 3 comparators, 64-bit 100.000000 MHz counter
[    2.339406] clocksource: Switched to clocksource kvm-clock
[    2.438401] VFS: Disk quotas dquot_6.6.0
[    2.438909] VFS: Dquot-cache hash table entries: 512 (order 0, 4096 bytes)
[    2.439858] pnp: PnP ACPI init
[    2.440364] pnp 00:00: Plug and Play ACPI device, IDs PNP0b00 (active)
[    2.440418] pnp 00:01: Plug and Play ACPI device, IDs PNP0303 (active)
[    2.440461] pnp 00:02: Plug and Play ACPI device, IDs PNP0f13 (active)
[    2.440474] pnp 00:03: [dma 2]
[    2.440497] pnp 00:03: Plug and Play ACPI device, IDs PNP0700 (active)
[    2.440574] pnp 00:04: Plug and Play ACPI device, IDs PNP0400 (active)
[    2.440631] pnp 00:05: Plug and Play ACPI device, IDs PNP0501 (active)
[    2.441830] pnp: PnP ACPI: found 6 devices
[    2.450570] thermal_sys: Registered thermal governor 'step_wise'
[    2.450571] thermal_sys: Registered thermal governor 'user_space'
[    2.455912] clocksource: acpi_pm: mask: 0xffffff max_cycles: 0xffffff, max_idle_ns: 2085701024 ns
[    2.457752] pci_bus 0000:00: resource 4 [io  0x0000-0x0cf7 window]
[    2.458518] pci_bus 0000:00: resource 5 [io  0x0d00-0xffff window]
[    2.459284] pci_bus 0000:00: resource 6 [mem 0x000a0000-0x000bffff window]
[    2.460125] pci_bus 0000:00: resource 7 [mem 0xc0000000-0xfebfffff window]
[    2.460965] pci_bus 0000:00: resource 8 [mem 0xcd40000000-0xcdbfffffff window]
[    2.461960] NET: Registered protocol family 2
[    2.463438] IP idents hash table entries: 262144 (order: 9, 2097152 bytes, linear)
[    2.467810] tcp_listen_portaddr_hash hash table entries: 65536 (order: 10, 5767168 bytes, vmalloc)
[    2.478298] TCP established hash table entries: 524288 (order: 10, 4194304 bytes, linear)
[    2.484589] TCP bind hash table entries: 65536 (order: 10, 5242880 bytes, vmalloc)
[    2.491351] TCP: Hash tables configured (established 524288 bind 65536)
[    2.494570] UDP hash table entries: 65536 (order: 11, 12582912 bytes, vmalloc)
[    2.506166] UDP-Lite hash table entries: 65536 (order: 11, 12582912 bytes, vmalloc)
[    2.513850] NET: Registered protocol family 1
[    2.515740] RPC: Registered named UNIX socket transport module.
[    2.516537] RPC: Registered udp transport module.
[    2.517118] RPC: Registered tcp transport module.
[    2.517705] RPC: Registered tcp NFSv4.1 backchannel transport module.
[    2.519015] pci 0000:00:01.0: PIIX3: Enabling Passive Release
[    2.519767] pci 0000:00:00.0: Limiting direct PCI/PCI transfers
[    2.520530] pci 0000:00:01.0: Activating ISA DMA hang workarounds
[    2.521339] pci 0000:00:02.0: Video device with shadowed ROM at [mem 0x000c0000-0x000dffff]
[    2.522392] PCI: CLS 0 bytes, default 64
[    2.522968] PCI-DMA: Using software bounce buffering for IO (SWIOTLB)
[    2.523765] software IO TLB: mapped [mem 0xbbfde000-0xbffde000] (64MB)
[    2.524643] clocksource: tsc: mask: 0xffffffffffffffff max_cycles: 0x2b25518e347, max_idle_ns: 440795248297 ns
[    2.531523] check: Scanning for low memory corruption every 60 seconds
[    2.535975] Initialise system trusted keyrings
[    2.538096] workingset: timestamp_bits=56 max_order=26 bucket_order=0
[    2.555709] NFS: Registering the id_resolver key type
[    2.556966] Key type id_resolver registered
[    2.557955] Key type id_legacy registered
[    2.559269] SGI XFS with security attributes, no debug enabled
[    2.562754] 9p: Installing v9fs 9p2000 file system support
[    2.577246] Key type asymmetric registered
[    2.578343] Asymmetric key parser 'x509' registered
[    2.579616] Block layer SCSI generic (bsg) driver version 0.4 loaded (major 248)
[    2.581503] io scheduler mq-deadline registered
[    2.582663] io scheduler kyber registered
[    2.585956] input: Power Button as /devices/LNXSYSTM:00/LNXPWRBN:00/input/input0
[    2.588529] ACPI: Power Button [PWRF]
[    2.744493] PCI Interrupt Link [LNKD] enabled at IRQ 11
[    2.746518] Serial: 8250/16550 driver, 4 ports, IRQ sharing enabled
[    2.770935] 00:05: ttyS0 at I/O 0x3f8 (irq = 4, base_baud = 115200) is a 16550A
[    2.773999] Non-volatile memory driver v1.3
[    2.774862] Linux agpgart interface v0.103
[    2.799153] loop: module loaded
[    2.800444] ata_piix 0000:00:01.1: version 2.13
[    2.802753] scsi host0: ata_piix
[    2.803919] scsi host1: ata_piix
[    2.804549] ata1: PATA max MWDMA2 cmd 0x1f0 ctl 0x3f6 bmdma 0xc080 irq 14
[    2.805630] ata2: PATA max MWDMA2 cmd 0x170 ctl 0x376 bmdma 0xc088 irq 15
[    2.806983] e100: Intel(R) PRO/100 Network Driver, 3.5.24-k2-NAPI
[    2.808244] e100: Copyright(c) 1999-2006 Intel Corporation
[    2.809157] e1000: Intel(R) PRO/1000 Network Driver - version 7.3.21-k8-NAPI
[    2.810123] e1000: Copyright (c) 1999-2006 Intel Corporation.
[    2.891544] PCI Interrupt Link [LNKC] enabled at IRQ 10
[    2.963767] ata1.01: NODEV after polling detection
[    2.964327] ata2.01: NODEV after polling detection
[    2.964971] ata1.00: ATA-7: QEMU HARDDISK, 2.5+, max UDMA/100
[    2.966973] ata1.00: 133695488 sectors, multi 16: LBA48 
[    2.969072] ata2.00: ATA-7: QEMU HARDDISK, 2.5+, max UDMA/100
[    2.971018] ata2.00: 3750748848 sectors, multi 16: LBA48 
[    2.975621] scsi 0:0:0:0: Direct-Access     ATA      QEMU HARDDISK    2.5+ PQ: 0 ANSI: 5
[    2.979027] scsi 0:0:0:0: Attached scsi generic sg0 type 0
[    2.979890] sd 0:0:0:0: [sda] 133695488 512-byte logical blocks: (68.5 GB/63.8 GiB)
[    2.981582] scsi 1:0:0:0: Direct-Access     ATA      QEMU HARDDISK    2.5+ PQ: 0 ANSI: 5
[    2.983497] sd 0:0:0:0: [sda] Write Protect is off
[    2.986815] sd 1:0:0:0: Attached scsi generic sg1 type 0
[    2.987273] sd 1:0:0:0: [sdb] 3750748848 512-byte logical blocks: (1.92 TB/1.75 TiB)
[    2.987367] sd 1:0:0:0: [sdb] Write Protect is off
[    2.987374] sd 1:0:0:0: [sdb] Mode Sense: 00 3a 00 00
[    2.987406] sd 0:0:0:0: [sda] Mode Sense: 00 3a 00 00
[    2.987544] sd 1:0:0:0: [sdb] Write cache: enabled, read cache: enabled, doesn't support DPO or FUA
[    2.987553] sd 0:0:0:0: [sda] Write cache: enabled, read cache: enabled, doesn't support DPO or FUA
[    3.003383] sd 0:0:0:0: [sda] Attached SCSI disk
[    3.006774] sd 1:0:0:0: [sdb] Attached SCSI disk
[    3.201887] e1000 0000:00:03.0 eth0: (PCI:33MHz:32-bit) 52:54:00:12:34:56
[    3.202696] e1000 0000:00:03.0 eth0: Intel(R) PRO/1000 Network Connection
[    3.203514] e1000e: Intel(R) PRO/1000 Network Driver - 3.2.6-k
[    3.204193] e1000e: Copyright(c) 1999 - 2015 Intel Corporation.
[    3.204904] sky2: driver version 1.30
[    3.205657] ehci_hcd: USB 2.0 'Enhanced' Host Controller (EHCI) Driver
[    3.206436] ehci-pci: EHCI PCI platform driver
[    3.206970] ohci_hcd: USB 1.1 'Open' Host Controller (OHCI) Driver
[    3.207696] ohci-pci: OHCI PCI platform driver
[    3.208242] uhci_hcd: USB Universal Host Controller Interface driver
[    3.209038] usbcore: registered new interface driver usblp
[    3.209695] usbcore: registered new interface driver usb-storage
[    3.210430] i8042: PNP: PS/2 Controller [PNP0303:KBD,PNP0f13:MOU] at 0x60,0x64 irq 1,12
[    3.212088] serio: i8042 KBD port at 0x60,0x64 irq 1
[    3.212639] serio: i8042 AUX port at 0x60,0x64 irq 12
[    3.213793] rtc_cmos 00:00: RTC can wake from S4
[    3.216739] rtc_cmos 00:00: registered as rtc0
[    3.217605] input: AT Translated Set 2 keyboard as /devices/platform/i8042/serio0/input/input1
[    3.218447] rtc_cmos 00:00: alarms up to one day, y3k, 114 bytes nvram, hpet irqs
[    3.224482] device-mapper: ioctl: 4.41.0-ioctl (2019-09-16) initialised: dm-devel@redhat.com
[    3.227145] intel_pstate: CPU model not supported
[    3.228736] hidraw: raw HID events driver (C) Jiri Kosina
[    3.231940] usbcore: registered new interface driver usbhid
[    3.233298] usbhid: USB HID core driver
[    3.237784] Initializing XFRM netlink socket
[    3.239348] NET: Registered protocol family 10
[    3.241296] Segment Routing with IPv6
[    3.242584] sit: IPv6, IPv4 and MPLS over IPv4 tunneling driver
[    3.243817] NET: Registered protocol family 17
[    3.244668] 9pnet: Installing 9P2000 support
[    3.246349] Key type dns_resolver registered
[    3.248853] IPI shorthand broadcast: enabled
[    3.249609] sched_clock: Marking stable (3232523790, 17055396)->(3264066775, -14487589)
[    3.251185] registered taskstats version 1
[    3.251874] Loading compiled-in X.509 certificates
[    3.253080] PM:   Magic number: 7:508:169
[    3.253650] acpi device:32: hash matches
[    3.254209] printk: console [netcon0] enabled
[    3.254785] netconsole: network logging started
[    3.255771] cfg80211: Loading compiled-in X.509 certificates for regulatory database
[    3.257098] kworker/u16:3 (111) used greatest stack depth: 14392 bytes left
[    3.258042] cfg80211: Loaded X.509 cert 'sforshee: 00b28ddf47aef9cea7'
[    3.260159] ALSA device list:
[    3.260567]   No soundcards found.
[    3.261142] platform regulatory.0: Direct firmware load for regulatory.db failed with error -2
[    3.262234] cfg80211: failed to load regulatory.db
[    3.861979] input: ImExPS/2 Generic Explorer Mouse as /devices/platform/i8042/serio1/input/input3
[    7.823579] memmap_init_zone_device initialised 123858944 pages in 4810ms
[    7.824761] pmem0: detected capacity change from 0 to 507326234624
[    7.825514] md: Waiting for all devices to be available before autodetect
[    7.827664] md: If you don't use raid, use raid=noautodetect
[    7.830171] md: Autodetecting RAID arrays.
[    7.831491] md: autorun ...
[    7.832396] md: ... autorun DONE.
[    7.838300] EXT4-fs (sda): INFO: recovery required on readonly filesystem
[    7.840419] EXT4-fs (sda): write access will be enabled during recovery
[    7.877700] EXT4-fs (sda): recovery complete
[    7.882569] EXT4-fs (sda): mounted filesystem with ordered data mode. Opts: (null)
[    7.884804] VFS: Mounted root (ext4 filesystem) readonly on device 8:0.
[    7.887718] devtmpfs: mounted
[    7.891253] Freeing unused kernel image memory: 3172K
[    7.892602] Write protecting the kernel read-only data: 22528k
[    7.896347] Freeing unused kernel image memory: 2028K
[    7.898584] Freeing unused kernel image memory: 1632K
[    7.899895] Run /sbin/init as init process
[    8.109628] systemd[1]: systemd 245.4-4ubuntu3 running in system mode. (+PAM +AUDIT +SELINUX +IMA +APPARMOR +SMACK +SYSVINIT +UTMP +LIBCRYPTSETUP +GCRYPT +GNUTLS +ACL +XZ +LZ4 +SECCOMP +BLKID +ELFUTILS +KMOD +IDN2 -IDN +PCRE2 default-hierarchy=hybrid)
[    8.114594] systemd[1]: Detected virtualization kvm.
[    8.115716] systemd[1]: Detected architecture x86-64.
[    8.133015] systemd[1]: Set hostname to <p2cache>.
[    8.182869] systemd-gpt-aut (130) used greatest stack depth: 13056 bytes left
[    8.185167] systemd-cryptse (125) used greatest stack depth: 12872 bytes left
[    8.186683] systemd-getty-g (129) used greatest stack depth: 12584 bytes left
[    8.273092] systemd[1]: /lib/systemd/system/dbus.socket:5: ListenStream= references a path below legacy directory /var/run/, updating /var/run/dbus/system_bus_socket â†’ /run/dbus/system_bus_socket; please update the unit file accordingly.
[    8.297663] systemd[1]: system-modprobe.slice: unit configures an IP firewall, but the local system does not support BPF/cgroup firewalling.
[    8.299226] systemd[1]: (This warning is only shown for the first unit using IP firewalling.)
[    8.300658] systemd[1]: Created slice system-modprobe.slice.
[    8.303453] systemd[1]: Created slice system-serial\x2dgetty.slice.
[    8.306450] systemd[1]: Created slice User and Session Slice.
[    8.309156] systemd[1]: Started Dispatch Password Requests to Console Directory Watch.
[    8.312552] systemd[1]: Started Forward Password Requests to Wall Directory Watch.
[    8.316124] systemd[1]: Set up automount Arbitrary Executable File Formats File System Automount Point.
[    8.319590] systemd[1]: Reached target Local Encrypted Volumes.
[    8.322201] systemd[1]: Reached target Paths.
[    8.324283] systemd[1]: Reached target Remote File Systems.
[    8.326804] systemd[1]: Reached target Slices.
[    8.328980] systemd[1]: Reached target Swap.
[    8.331206] systemd[1]: Listening on Syslog Socket.
[    8.333528] systemd[1]: Listening on initctl Compatibility Named Pipe.
[    8.336583] systemd[1]: Listening on Journal Audit Socket.
[    8.339249] systemd[1]: Listening on Journal Socket (/dev/log).
[    8.342063] systemd[1]: Listening on Journal Socket.
[    8.344501] systemd[1]: Listening on udev Control Socket.
[    8.347096] systemd[1]: Listening on udev Kernel Socket.
[    8.350458] systemd[1]: Mounting Huge Pages File System...
[    8.354380] systemd[1]: Mounting POSIX Message Queue File System...
[    8.358590] systemd[1]: Mounting /sys/kernel/debug...
[    8.362079] systemd[1]: Mounting Kernel Trace File System...
[    8.366176] systemd[1]: Starting Journal Service...
[    8.372018] systemd[1]: Starting Set the console keyboard layout...
[    8.376835] systemd[1]: Condition check resulted in Create list of static device nodes for the current kernel being skipped.
[    8.380711] systemd[1]: Condition check resulted in Load Kernel Module drm being skipped.
[    8.387125] systemd[1]: Condition check resulted in Set Up Additional Binary Formats being skipped.
[    8.396399] systemd[1]: Starting Load Kernel Modules...
[    8.403171] systemd[1]: Starting Remount Root and Kernel File Systems...
[    8.409663] systemd[1]: Starting udev Coldplug all Devices...
[    8.416303] systemd[1]: Mounted Huge Pages File System.
[    8.421442] systemd[1]: Mounted POSIX Message Queue File System.
[    8.427279] systemd[1]: Mounted /sys/kernel/debug.
[    8.431422] systemd[1]: Mounted Kernel Trace File System.
[    8.433926] EXT4-fs (sda): re-mounted. Opts: (null)
[    8.441395] systemd[1]: Finished Load Kernel Modules.
[    8.447301] systemd[1]: Finished Remount Root and Kernel File Systems.
[    8.452316] systemd[1]: Condition check resulted in FUSE Control File System being skipped.
[    8.454293] systemd[1]: Condition check resulted in Kernel Configuration File System being skipped.
[    8.457496] systemd[1]: Condition check resulted in Rebuild Hardware Database being skipped.
[    8.459464] systemd[1]: Condition check resulted in Platform Persistent Storage Archival being skipped.
[    8.462616] systemd[1]: Starting Load/Save Random Seed...
[    8.465778] systemd[1]: Starting Apply Kernel Variables...
[    8.469200] systemd[1]: Starting Create System Users...
[    8.471862] systemd[1]: Finished Set the console keyboard layout.
[    8.495789] systemd[1]: Finished Create System Users.
[    8.498859] systemd[1]: Finished Load/Save Random Seed.
[    8.501509] systemd[1]: Finished Apply Kernel Variables.
[    8.505065] systemd[1]: Starting Create Static Device Nodes in /dev...
[    8.533902] systemd[1]: Finished Create Static Device Nodes in /dev.
[    8.536523] systemd[1]: Reached target Local File Systems (Pre).
[    8.538378] systemd[1]: Reached target Local File Systems.
[    8.542682] systemd[1]: Starting Set console font and keymap...
[    8.544522] systemd[1]: Condition check resulted in Store a System Token in an EFI Variable being skipped.
[    8.544645] systemd[1]: Condition check resulted in Commit a transient machine-id on disk being skipped.
[    8.546773] systemd[1]: Starting udev Kernel Device Manager...
[    8.560398] systemd[1]: Finished Set console font and keymap.
[    8.585520] systemd[1]: Finished udev Coldplug all Devices.
[    8.628133] systemd[1]: Started udev Kernel Device Manager.
[    8.638005] systemd[1]: Started Journal Service.
[    8.658454] systemd-journald[142]: Received client request to flush runtime journal.
[    8.664333] systemd-journald[142]: File /var/log/journal/fdea88196b514704bb0e6ba787e2d1ed/system.journal corrupted or uncleanly shut down, renaming and replacing.
[    8.730936] e1000 0000:00:03.0 enp0s3: renamed from eth0
[   88.134051] nova: loading out-of-tree module taints kernel.
[   88.139273] nova: Arch new instructions support: CLWB YES
[   88.139291] nova: Data structure size: inode 120, log_page 4096, file_write_entry 64, dir_entry(max) 304, setattr_entry 56, link_change_entry 40
[   97.504338] p2cache: 12 cpus online
[   97.504392] ------------[ cut here ]------------
[   97.504408] WARNING: CPU: 3 PID: 296 at drivers/dax/super.c:396 dax_alive+0x2f/0x40
[   97.504413] Modules linked in: p2cache(O) nova(O)
[   97.504427] CPU: 3 PID: 296 Comm: mount Tainted: G           O      5.4.225 #9
[   97.504432] Hardware name: QEMU Standard PC (i440FX + PIIX, 1996), BIOS 1.13.0-1ubuntu1.1 04/01/2014
[   97.504440] RIP: 0010:dax_alive+0x2f/0x40
[   97.504448] Code: 01 53 48 89 fb 85 c0 75 0c 48 8b 83 88 04 00 00 5b 83 e0 01 c3 be ff ff ff ff 48 c7 c7 78 5b 51 b9 e8 a5 67 9a ff 85 c0 75 df <0f> 0b 48 8b 83 88 04 00 00 5b 83 e0 01 c3 0f 1f 00 41 56 41 55 41
[   97.504453] RSP: 0018:ffffb4cd4278bd70 EFLAGS: 00010246
[   97.504460] RAX: 0000000000000000 RBX: ffff98ecfd8f8000 RCX: ffffb4cd4278bdb0
[   97.504464] RDX: ffff98ecfd234280 RSI: ffffffffb9515b78 RDI: ffff98ecfd234ab8
[   97.504469] RBP: ffff98ecfd8f8000 R08: ffffb4cd4278bdb8 R09: 0000000000000000
[   97.504473] R10: 0000000000000001 R11: 000000000000013f R12: 0007ffffffffffff
[   97.504478] R13: ffffb4cd4278bdb0 R14: 0000000000000000 R15: 0000000000000000
[   97.504492] FS:  00007ffff7c32840(0000) GS:ffff98ed0f200000(0000) knlGS:0000000000000000
[   97.504497] CS:  0010 DS: 0000 ES: 0000 CR0: 0000000080050033
[   97.504502] CR2: 00007fffffffbf80 CR3: 0000003b3c63c001 CR4: 0000000000760ee0
[   97.504506] DR0: 0000000000000000 DR1: 0000000000000000 DR2: 0000000000000000
[   97.504511] DR3: 0000000000000000 DR6: 00000000fffe0ff0 DR7: 0000000000000400
[   97.504515] PKRU: 55555554
[   97.504520] Call Trace:
[   97.504564]  dax_direct_access+0x21/0x80
[   97.504580]  ovl_fill_super.cold+0xd2/0x396 [p2cache]
[   97.504593]  ? snprintf+0x49/0x60
[   97.504613]  mount_bdev+0x179/0x1a0
[   97.504623]  ? ovl_inuse_trylock+0x50/0x50 [p2cache]
[   97.504639]  legacy_get_tree+0x2b/0x50
[   97.504647]  vfs_get_tree+0x23/0xc0
[   97.504659]  do_mount+0x7ea/0xa50
[   97.504673]  ? memdup_user+0x3c/0x80
[   97.504684]  ksys_mount+0x79/0xc0
[   97.504695]  __x64_sys_mount+0x1c/0x20
[   97.504705]  do_syscall_64+0x43/0x110
[   97.504717]  entry_SYSCALL_64_after_hwframe+0x5c/0xc1
[   97.504740] ---[ end trace 47d796f03ba40f37 ]---
[   97.504747] p2cache: num_blocks: 123858944
[   97.504752] p2cache: page size:4096
[   97.504756] p2cache: size: 507326234624
[   97.504760] p2cache: virt_addr: ffff98efe0000000
[   97.504787] p2cache: num_blocks: 123858944
[   97.504889] p2cache: ovl_lite_journal_hard_init
[  132.423844] p2cache: dram_pool: ffffb4cd42931000
[  132.423846] p2cache: cpu 0: dram_alloc: 0
[  132.423847] p2cache: cpu 1: dram_alloc: 2621440
[  132.423848] p2cache: cpu 2: dram_alloc: 5242880
[  132.423849] p2cache: cpu 3: dram_alloc: 7864320
[  132.423850] p2cache: cpu 4: dram_alloc: 10485760
[  132.423851] p2cache: cpu 5: dram_alloc: 13107200
[  132.423852] p2cache: cpu 6: dram_alloc: 15728640
[  132.423853] p2cache: cpu 7: dram_alloc: 18350080
[  132.423854] p2cache: cpu 8: dram_alloc: 20971520
[  132.423855] p2cache: cpu 9: dram_alloc: 23592960
[  132.423856] p2cache: cpu 10: dram_alloc: 26214400
[  132.423857] p2cache: cpu 11: dram_alloc: 28835840
[  139.411427] p2cache: 56b83a08-8214-4be1-b898-a38c50322127, {0, 232}, {0, 0}, {0, 0}
[  139.538625] p2cache: xl.meta, {0, 481}, {0, 0}, {0, 0}
[  139.614758] p2cache: xl.meta, {0, 8192}, {8192, 201}, {0, 0}
[  139.674174] p2cache: xl.meta, {0, 432}, {0, 0}, {0, 0}
[  143.642349] p2cache: xl.meta, {0, 1026}, {0, 0}, {0, 0}
[  146.789197] p2cache: xl.meta, {0, 8192}, {8192, 316}, {0, 0}
[  146.803617] p2cache: part.1, {0, 32}, {0, 0}, {0, 0}
[  146.803688] p2cache: part.1, {32, 4064}, {4096, 159744}, {163840, 1021}
[  146.803709] general protection fault: 0000 [#1] SMP NOPTI
[  146.805506] CPU: 4 PID: 302 Comm: minio Tainted: G        W  O      5.4.225 #9
[  146.807829] Hardware name: QEMU Standard PC (i440FX + PIIX, 1996), BIOS 1.13.0-1ubuntu1.1 04/01/2014
[  146.810746] RIP: 0010:ovl_wrap_rw_iter+0x812/0x1750 [p2cache]
[  146.812295] Code: c1 ea 0b 4d 85 db 0f 84 60 0c 00 00 48 8b 44 24 28 49 c1 e2 0b 4d 89 e1 4c 89 df 48 89 c6 49 01 c2 48 89 f0 4c 89 ca 48 89 f9 <62> f2 7d 48 2a 00 62 f2 7d 48 2a 48 01 62 f2 7d 48 2a 50 02 62 f2
[  146.816855] RSP: 0018:ffffb4cd427b3cf8 EFLAGS: 00050202
[  146.818147] RAX: 000000c00a000fe0 RBX: 0000000000027000 RCX: ffffb4d742935000
[  146.819905] RDX: ffff99333faac000 RSI: 000000c00a000fe0 RDI: ffffb4d742935000
[  146.821562] RBP: 0000000000001000 R08: 0000000000000027 R09: ffff99333faac000
[  146.822878] R10: 000000c00a027fe0 R11: ffffb4d742935000 R12: ffff99333faac000
[  146.824180] R13: 0000000a00004000 R14: 0000000000a0002b R15: ffff98ecf8658cf0
[  146.825496] FS:  000000c0000a0090(0000) GS:ffff98ed0f400000(0000) knlGS:0000000000000000
[  146.826984] CS:  0010 DS: 0000 ES: 0000 CR0: 0000000080050033
[  146.828041] CR2: 000000c00a000000 CR3: 0000001d163f2002 CR4: 0000000000760ee0
[  146.829354] DR0: 0000000000000000 DR1: 0000000000000000 DR2: 0000000000000000
[  146.830667] DR3: 0000000000000000 DR6: 00000000fffe0ff0 DR7: 0000000000000400
[  146.831835] PKRU: 55555554
[  146.832218] Call Trace:
[  146.832570]  ? find_held_lock+0x32/0x90
[  146.833099]  ? __lock_acquire.isra.0+0x135/0x530
[  146.833748]  new_sync_write+0x12b/0x1d0
[  146.834292]  vfs_write+0xb4/0x1a0
[  146.834784]  ksys_write+0x63/0xe0
[  146.835255]  do_syscall_64+0x43/0x110
[  146.835774]  entry_SYSCALL_64_after_hwframe+0x5c/0xc1
[  146.836488] Modules linked in: p2cache(O) nova(O)
[  146.837188] ---[ end trace 47d796f03ba40f38 ]---
[  146.837838] RIP: 0010:ovl_wrap_rw_iter+0x812/0x1750 [p2cache]
[  146.838666] Code: c1 ea 0b 4d 85 db 0f 84 60 0c 00 00 48 8b 44 24 28 49 c1 e2 0b 4d 89 e1 4c 89 df 48 89 c6 49 01 c2 48 89 f0 4c 89 ca 48 89 f9 <62> f2 7d 48 2a 00 62 f2 7d 48 2a 48 01 62 f2 7d 48 2a 50 02 62 f2
[  146.841272] RSP: 0018:ffffb4cd427b3cf8 EFLAGS: 00050202
[  146.841946] RAX: 000000c00a000fe0 RBX: 0000000000027000 RCX: ffffb4d742935000
[  146.842839] RDX: ffff99333faac000 RSI: 000000c00a000fe0 RDI: ffffb4d742935000
[  146.843734] RBP: 0000000000001000 R08: 0000000000000027 R09: ffff99333faac000
[  146.844622] R10: 000000c00a027fe0 R11: ffffb4d742935000 R12: ffff99333faac000
[  146.845514] R13: 0000000a00004000 R14: 0000000000a0002b R15: ffff98ecf8658cf0
[  146.846415] FS:  000000c0000a0090(0000) GS:ffff98ed0f400000(0000) knlGS:0000000000000000
[  146.847419] CS:  0010 DS: 0000 ES: 0000 CR0: 0000000080050033
[  146.848127] CR2: 000000c00a000000 CR3: 0000001d163f2002 CR4: 0000000000760ee0
[  146.849016] DR0: 0000000000000000 DR1: 0000000000000000 DR2: 0000000000000000
[  146.849905] DR3: 0000000000000000 DR6: 00000000fffe0ff0 DR7: 0000000000000400
[  146.850804] PKRU: 55555554
[  199.741723] p2cache: xl.meta, {0, 643}, {0, 0}, {0, 0}
[  199.748534] p2cache: xl.meta, {0, 623}, {0, 0}, {0, 0}
[  199.753277] p2cache: xl.meta, {0, 505}, {0, 0}, {0, 0}
[  199.765579] p2cache: xl.meta, {0, 1321}, {0, 0}, {0, 0}
[  259.679615] p2cache: xl.meta, {0, 643}, {0, 0}, {0, 0}
[  259.683814] p2cache: xl.meta, {0, 623}, {0, 0}, {0, 0}
[  259.688193] p2cache: xl.meta, {0, 520}, {0, 0}, {0, 0}
[  259.690545] p2cache: xl.meta, {0, 1321}, {0, 0}, {0, 0}
[  319.671541] p2cache: xl.meta, {0, 643}, {0, 0}, {0, 0}
[  319.674822] p2cache: xl.meta, {0, 623}, {0, 0}, {0, 0}
[  319.679508] p2cache: xl.meta, {0, 1321}, {0, 0}, {0, 0}
[  319.680936] p2cache: xl.meta, {0, 535}, {0, 0}, {0, 0}
